
> pickle-rpg@0.1.0 build
> node scripts/check-migrations.mjs && tsc --noEmit && tsc -p tsconfig.server.json && vite build && node scripts/build-server.mjs

Migration filenames have unique versions.
vite v7.3.6 building client environment for production...
transforming...
✓ 317 modules transformed.
[esbuild css minify]
▲ [WARNING] Expected identifier but found "var(" [css-syntax-error]

    <stdin>:15:402:
      15 │ ...-width:100%}.admin-toolbar strong{var(--pb-surface)-space:normal}}
         ╵                                      ~~~~


[esbuild css minify]
▲ [WARNING] Expected identifier but found "var(" [css-syntax-error]

    <stdin>:180:876:
      180 │ ...flex:1}.admin-toolbar strong{var(--pb-surface)-space:nowrap}#a...
          ╵                                 ~~~~


▲ [WARNING] Expected identifier but found "var(" [css-syntax-error]

    <stdin>:180:1690:
      180 │ ...-pb-info-ink);font-size:11px;var(--pb-surface)-space:nowrap}.a...
          ╵                                 ~~~~


rendering chunks...
computing gzip size...
dist/index.html                                                13.12 kB │ gzip:     4.20 kB
dist/assets/voice-worker-DMS_wwEA.js                          527.17 kB
dist/assets/ort-wasm-simd-threaded.asyncify-DMmc6YqF.wasm  23,567.05 kB │ gzip: 5,746.64 kB
dist/assets/beta-access-B9-NzK6C.css                            1.26 kB │ gzip:     0.51 kB
dist/assets/sign-in-dialog-DkDf2ZI8.css                         1.93 kB │ gzip:     0.60 kB
dist/assets/admin-navigation-DwmUkz0E.css                       2.71 kB │ gzip:     0.83 kB
dist/assets/pwa-BkMIishP.css                                    4.75 kB │ gzip:     1.31 kB
dist/assets/admin-analytics-DtNmfHtb.css                       11.97 kB │ gzip:     3.29 kB
dist/assets/admin-users-BiD4O-Wz.css                           15.93 kB │ gzip:     3.99 kB
dist/assets/main-B9Ssh7gG.css                                  20.80 kB │ gzip:     4.82 kB
dist/assets/index-DHlaDU2S.css                                 20.86 kB │ gzip:     4.92 kB
dist/assets/remote-BuxulVCZ.css                                23.67 kB │ gzip:     4.94 kB
dist/assets/lobby-DZDvXwY5.css                                 43.93 kB │ gzip:     7.00 kB
dist/assets/target-picker-CAQ7cW3i.css                         50.91 kB │ gzip:    10.00 kB
dist/assets/remote-main-BTgYBQrW.css                           68.22 kB │ gzip:    10.20 kB
dist/assets/friend-flow-2JL_Q90Y.css                          114.69 kB │ gzip:    17.03 kB
dist/assets/style-BQg7t6oe.css                                116.60 kB │ gzip:    20.28 kB
dist/assets/beta-access-policy-DVzXL1z6.js                      0.25 kB │ gzip:     0.20 kB
dist/assets/web-BN4VSqWc.js                                     0.84 kB │ gzip:     0.40 kB
dist/assets/admin-navigation-BP9cjz0F.js                        1.05 kB │ gzip:     0.57 kB
dist/assets/beta-access-DdF2PpBu.js                             2.22 kB │ gzip:     1.19 kB
dist/assets/game-bootstrap-CmhHWs-l.js                          2.26 kB │ gzip:     0.90 kB
dist/assets/index-BcYVDr1P.js                                   4.71 kB │ gzip:     2.07 kB
dist/assets/play-turn-badge-BmR461yW.js                         7.49 kB │ gzip:     3.20 kB
dist/assets/view-focus-yeJzbfLL.js                              8.08 kB │ gzip:     3.41 kB
dist/assets/admin-analytics-BN_pXKTc.js                         8.11 kB │ gzip:     3.45 kB
dist/assets/admin-users-gp0yuEKP.js                             9.08 kB │ gzip:     3.81 kB
dist/assets/index-DouOjPe2.js                                   9.24 kB │ gzip:     3.84 kB
dist/assets/pwa-RQbioaGp.js                                    12.34 kB │ gzip:     4.43 kB
dist/assets/friend-landing-CGyjsvKb.js                         12.47 kB │ gzip:     4.10 kB
dist/assets/sign-in-dialog-C-54ihyy.js                         33.73 kB │ gzip:    12.32 kB
dist/assets/style-2XNyjiKV.js                                  53.23 kB │ gzip:    16.01 kB
dist/assets/remote-main-DVex6Q9Y.js                           123.64 kB │ gzip:    38.75 kB
dist/assets/main-C7_VGr2p.js                                  150.24 kB │ gzip:    46.44 kB
dist/assets/target-picker-qX7AqEle.js                         292.65 kB │ gzip:    99.89 kB
dist/assets/friend-flow-BYdPG33F.js                           683.02 kB │ gzip:   182.79 kB

(!) Some chunks are larger than 500 kB after minification. Consider:
- Using dynamic import() to code-split the application
- Use build.rollupOptions.output.manualChunks to improve chunking: https://rollupjs.org/configuration-options/#output-manualchunks
- Adjust chunk size limit for this warning via build.chunkSizeWarningLimit.
✓ built in 3.29s
