TAP version 13
# (node:85598) ExperimentalWarning: `--experimental-loader` may be removed in the future; instead use `register()`:
# --import 'data:text/javascript,import { register } from "node:module"; import { pathToFileURL } from "node:url"; register("/tmp/beta-css-test-loader.mjs", pathToFileURL("./"));'
# (Use `node --trace-warnings ...` to show where the warning was created)
# Subtest: camera memory restores exact orbit position, pan target, and distance
ok 1 - camera memory restores exact orbit position, pan target, and distance
  ---
  duration_ms: 1.561334
  type: 'test'
  ...
# Subtest: invalid stored cameras do not replace the current view
ok 2 - invalid stored cameras do not replace the current view
  ---
  duration_ms: 0.118417
  type: 'test'
  ...
# Subtest: default court camera matches the selected phone view and mirrors for either team
ok 3 - default court camera matches the selected phone view and mirrors for either team
  ---
  duration_ms: 0.359208
  type: 'test'
  ...
1..3
# tests 3
# suites 0
# pass 3
# fail 0
# cancelled 0
# skipped 0
# todo 0
# duration_ms 288.136959
